---
source: src/app.rs
expression: "format!(\"{:?}\", buffer)"
snapshot_kind: text
---
Buffer {
    area: Rect { x: 0, y: 0, width: 120, height: 40 },
    content: [
        "┌Partial Match───┐┌current commit (g: go to commit)────────────────────────────────────────────────────────────────────┐",
        "│                ││46ec93ec8aaddb99d1075cf8b11782ee83c6bd8e: Initial commit                                            │",
        "└────────────────┘└────────────────────────────────────────────────────────────────────────────────────────────────────┘",
        "┌1 files─────────┐┌test.txt────────────────────────────────────────────────────────────────────────────────────────────┐",
        "│>> test.txt     ││1 | Hello, world!                                                                                   │",
        "│                ││                                                                                                    │",
        "│                ││                                                                                                    │",
        "│                ││                                                                                                    │",
        "│                ││                                                                                                    │",
        "│                ││                                                                                                    │",
        "│                ││                                                                                                    │",
        "│                ││                                                                                                    │",
        "│                ││                                                                                                    │",
        "│                ││                                                                                                    │",
        "│                ││                                                                                                    │",
        "│                ││                                                                                                    │",
        "│                ││                                                                                                    │",
        "│                ││                                                                                                    │",
        "│                ││                                                                                                    │",
        "│                ││                                                                                                    │",
        "│                ││                                                                                                    │",
        "│                ││                                                                                                    │",
        "│                ││                                                                                                    │",
        "│                ││                                                                                                    │",
        "│                ││                                                                                                    │",
        "│                ││                                                                                                    │",
        "│                ││                                                                                                    │",
        "│                ││                                                                                                    │",
        "│                ││                                                                                                    │",
        "│                ││                                                                                                    │",
        "│                ││                                                                                                    │",
        "│                ││                                                                                                    │",
        "│                ││                                                                                                    │",
        "│                ││                                                                                                    │",
        "│                ││                                                                                                    │",
        "│                ││                                                                                                    │",
        "│                ││                                                                                                    │",
        "│                ││                                                                                                    │",
        "│                ││                                                                                                    │",
        "└────────────────┘└────────────────────────────────────────────────────────────────────────────────────────────────────┘",
    ],
    styles: [
        x: 0, y: 0, fg: Blue, bg: Reset, underline: Reset, modifier: NONE,
        x: 18, y: 0, fg: DarkGray, bg: Reset, underline: Reset, modifier: NONE,
        x: 19, y: 0, fg: DarkGray, bg: Reset, underline: Reset, modifier: BOLD,
        x: 51, y: 0, fg: DarkGray, bg: Reset, underline: Reset, modifier: NONE,
        x: 0, y: 1, fg: Blue, bg: Reset, underline: Reset, modifier: NONE,
        x: 1, y: 1, fg: Reset, bg: Reset, underline: Reset, modifier: NONE,
        x: 17, y: 1, fg: Blue, bg: Reset, underline: Reset, modifier: NONE,
        x: 18, y: 1, fg: DarkGray, bg: Reset, underline: Reset, modifier: NONE,
        x: 0, y: 2, fg: Blue, bg: Reset, underline: Reset, modifier: NONE,
        x: 18, y: 2, fg: DarkGray, bg: Reset, underline: Reset, modifier: NONE,
        x: 0, y: 3, fg: Reset, bg: Reset, underline: Reset, modifier: NONE,
        x: 18, y: 3, fg: DarkGray, bg: Reset, underline: Reset, modifier: NONE,
        x: 19, y: 3, fg: DarkGray, bg: Reset, underline: Reset, modifier: BOLD,
        x: 27, y: 3, fg: DarkGray, bg: Reset, underline: Reset, modifier: NONE,
        x: 0, y: 4, fg: Reset, bg: Reset, underline: Reset, modifier: NONE,
        x: 1, y: 4, fg: DarkGray, bg: Reset, underline: Reset, modifier: NONE,
        x: 17, y: 4, fg: Reset, bg: Reset, underline: Reset, modifier: NONE,
        x: 18, y: 4, fg: DarkGray, bg: Reset, underline: Reset, modifier: NONE,
        x: 0, y: 5, fg: Reset, bg: Reset, underline: Reset, modifier: NONE,
        x: 1, y: 5, fg: DarkGray, bg: Reset, underline: Reset, modifier: NONE,
        x: 17, y: 5, fg: Reset, bg: Reset, underline: Reset, modifier: NONE,
        x: 18, y: 5, fg: DarkGray, bg: Reset, underline: Reset, modifier: NONE,
        x: 0, y: 6, fg: Reset, bg: Reset, underline: Reset, modifier: NONE,
        x: 1, y: 6, fg: DarkGray, bg: Reset, underline: Reset, modifier: NONE,
        x: 17, y: 6, fg: Reset, bg: Reset, underline: Reset, modifier: NONE,
        x: 18, y: 6, fg: DarkGray, bg: Reset, underline: Reset, modifier: NONE,
        x: 0, y: 7, fg: Reset, bg: Reset, underline: Reset, modifier: NONE,
        x: 1, y: 7, fg: DarkGray, bg: Reset, underline: Reset, modifier: NONE,
        x: 17, y: 7, fg: Reset, bg: Reset, underline: Reset, modifier: NONE,
        x: 18, y: 7, fg: DarkGray, bg: Reset, underline: Reset, modifier: NONE,
        x: 0, y: 8, fg: Reset, bg: Reset, underline: Reset, modifier: NONE,
        x: 1, y: 8, fg: DarkGray, bg: Reset, underline: Reset, modifier: NONE,
        x: 17, y: 8, fg: Reset, bg: Reset, underline: Reset, modifier: NONE,
        x: 18, y: 8, fg: DarkGray, bg: Reset, underline: Reset, modifier: NONE,
        x: 0, y: 9, fg: Reset, bg: Reset, underline: Reset, modifier: NONE,
        x: 1, y: 9, fg: DarkGray, bg: Reset, underline: Reset, modifier: NONE,
        x: 17, y: 9, fg: Reset, bg: Reset, underline: Reset, modifier: NONE,
        x: 18, y: 9, fg: DarkGray, bg: Reset, underline: Reset, modifier: NONE,
        x: 0, y: 10, fg: Reset, bg: Reset, underline: Reset, modifier: NONE,
        x: 1, y: 10, fg: DarkGray, bg: Reset, underline: Reset, modifier: NONE,
        x: 17, y: 10, fg: Reset, bg: Reset, underline: Reset, modifier: NONE,
        x: 18, y: 10, fg: DarkGray, bg: Reset, underline: Reset, modifier: NONE,
        x: 0, y: 11, fg: Reset, bg: Reset, underline: Reset, modifier: NONE,
        x: 1, y: 11, fg: DarkGray, bg: Reset, underline: Reset, modifier: NONE,
        x: 17, y: 11, fg: Reset, bg: Reset, underline: Reset, modifier: NONE,
        x: 18, y: 11, fg: DarkGray, bg: Reset, underline: Reset, modifier: NONE,
        x: 0, y: 12, fg: Reset, bg: Reset, underline: Reset, modifier: NONE,
        x: 1, y: 12, fg: DarkGray, bg: Reset, underline: Reset, modifier: NONE,
        x: 17, y: 12, fg: Reset, bg: Reset, underline: Reset, modifier: NONE,
        x: 18, y: 12, fg: DarkGray, bg: Reset, underline: Reset, modifier: NONE,
        x: 0, y: 13, fg: Reset, bg: Reset, underline: Reset, modifier: NONE,
        x: 1, y: 13, fg: DarkGray, bg: Reset, underline: Reset, modifier: NONE,
        x: 17, y: 13, fg: Reset, bg: Reset, underline: Reset, modifier: NONE,
        x: 18, y: 13, fg: DarkGray, bg: Reset, underline: Reset, modifier: NONE,
        x: 0, y: 14, fg: Reset, bg: Reset, underline: Reset, modifier: NONE,
        x: 1, y: 14, fg: DarkGray, bg: Reset, underline: Reset, modifier: NONE,
        x: 17, y: 14, fg: Reset, bg: Reset, underline: Reset, modifier: NONE,
        x: 18, y: 14, fg: DarkGray, bg: Reset, underline: Reset, modifier: NONE,
        x: 0, y: 15, fg: Reset, bg: Reset, underline: Reset, modifier: NONE,
        x: 1, y: 15, fg: DarkGray, bg: Reset, underline: Reset, modifier: NONE,
        x: 17, y: 15, fg: Reset, bg: Reset, underline: Reset, modifier: NONE,
        x: 18, y: 15, fg: DarkGray, bg: Reset, underline: Reset, modifier: NONE,
        x: 0, y: 16, fg: Reset, bg: Reset, underline: Reset, modifier: NONE,
        x: 1, y: 16, fg: DarkGray, bg: Reset, underline: Reset, modifier: NONE,
        x: 17, y: 16, fg: Reset, bg: Reset, underline: Reset, modifier: NONE,
        x: 18, y: 16, fg: DarkGray, bg: Reset, underline: Reset, modifier: NONE,
        x: 0, y: 17, fg: Reset, bg: Reset, underline: Reset, modifier: NONE,
        x: 1, y: 17, fg: DarkGray, bg: Reset, underline: Reset, modifier: NONE,
        x: 17, y: 17, fg: Reset, bg: Reset, underline: Reset, modifier: NONE,
        x: 18, y: 17, fg: DarkGray, bg: Reset, underline: Reset, modifier: NONE,
        x: 0, y: 18, fg: Reset, bg: Reset, underline: Reset, modifier: NONE,
        x: 1, y: 18, fg: DarkGray, bg: Reset, underline: Reset, modifier: NONE,
        x: 17, y: 18, fg: Reset, bg: Reset, underline: Reset, modifier: NONE,
        x: 18, y: 18, fg: DarkGray, bg: Reset, underline: Reset, modifier: NONE,
        x: 0, y: 19, fg: Reset, bg: Reset, underline: Reset, modifier: NONE,
        x: 1, y: 19, fg: DarkGray, bg: Reset, underline: Reset, modifier: NONE,
        x: 17, y: 19, fg: Reset, bg: Reset, underline: Reset, modifier: NONE,
        x: 18, y: 19, fg: DarkGray, bg: Reset, underline: Reset, modifier: NONE,
        x: 0, y: 20, fg: Reset, bg: Reset, underline: Reset, modifier: NONE,
        x: 1, y: 20, fg: DarkGray, bg: Reset, underline: Reset, modifier: NONE,
        x: 17, y: 20, fg: Reset, bg: Reset, underline: Reset, modifier: NONE,
        x: 18, y: 20, fg: DarkGray, bg: Reset, underline: Reset, modifier: NONE,
        x: 0, y: 21, fg: Reset, bg: Reset, underline: Reset, modifier: NONE,
        x: 1, y: 21, fg: DarkGray, bg: Reset, underline: Reset, modifier: NONE,
        x: 17, y: 21, fg: Reset, bg: Reset, underline: Reset, modifier: NONE,
        x: 18, y: 21, fg: DarkGray, bg: Reset, underline: Reset, modifier: NONE,
        x: 0, y: 22, fg: Reset, bg: Reset, underline: Reset, modifier: NONE,
        x: 1, y: 22, fg: DarkGray, bg: Reset, underline: Reset, modifier: NONE,
        x: 17, y: 22, fg: Reset, bg: Reset, underline: Reset, modifier: NONE,
        x: 18, y: 22, fg: DarkGray, bg: Reset, underline: Reset, modifier: NONE,
        x: 0, y: 23, fg: Reset, bg: Reset, underline: Reset, modifier: NONE,
        x: 1, y: 23, fg: DarkGray, bg: Reset, underline: Reset, modifier: NONE,
        x: 17, y: 23, fg: Reset, bg: Reset, underline: Reset, modifier: NONE,
        x: 18, y: 23, fg: DarkGray, bg: Reset, underline: Reset, modifier: NONE,
        x: 0, y: 24, fg: Reset, bg: Reset, underline: Reset, modifier: NONE,
        x: 1, y: 24, fg: DarkGray, bg: Reset, underline: Reset, modifier: NONE,
        x: 17, y: 24, fg: Reset, bg: Reset, underline: Reset, modifier: NONE,
        x: 18, y: 24, fg: DarkGray, bg: Reset, underline: Reset, modifier: NONE,
        x: 0, y: 25, fg: Reset, bg: Reset, underline: Reset, modifier: NONE,
        x: 1, y: 25, fg: DarkGray, bg: Reset, underline: Reset, modifier: NONE,
        x: 17, y: 25, fg: Reset, bg: Reset, underline: Reset, modifier: NONE,
        x: 18, y: 25, fg: DarkGray, bg: Reset, underline: Reset, modifier: NONE,
        x: 0, y: 26, fg: Reset, bg: Reset, underline: Reset, modifier: NONE,
        x: 1, y: 26, fg: DarkGray, bg: Reset, underline: Reset, modifier: NONE,
        x: 17, y: 26, fg: Reset, bg: Reset, underline: Reset, modifier: NONE,
        x: 18, y: 26, fg: DarkGray, bg: Reset, underline: Reset, modifier: NONE,
        x: 0, y: 27, fg: Reset, bg: Reset, underline: Reset, modifier: NONE,
        x: 1, y: 27, fg: DarkGray, bg: Reset, underline: Reset, modifier: NONE,
        x: 17, y: 27, fg: Reset, bg: Reset, underline: Reset, modifier: NONE,
        x: 18, y: 27, fg: DarkGray, bg: Reset, underline: Reset, modifier: NONE,
        x: 0, y: 28, fg: Reset, bg: Reset, underline: Reset, modifier: NONE,
        x: 1, y: 28, fg: DarkGray, bg: Reset, underline: Reset, modifier: NONE,
        x: 17, y: 28, fg: Reset, bg: Reset, underline: Reset, modifier: NONE,
        x: 18, y: 28, fg: DarkGray, bg: Reset, underline: Reset, modifier: NONE,
        x: 0, y: 29, fg: Reset, bg: Reset, underline: Reset, modifier: NONE,
        x: 1, y: 29, fg: DarkGray, bg: Reset, underline: Reset, modifier: NONE,
        x: 17, y: 29, fg: Reset, bg: Reset, underline: Reset, modifier: NONE,
        x: 18, y: 29, fg: DarkGray, bg: Reset, underline: Reset, modifier: NONE,
        x: 0, y: 30, fg: Reset, bg: Reset, underline: Reset, modifier: NONE,
        x: 1, y: 30, fg: DarkGray, bg: Reset, underline: Reset, modifier: NONE,
        x: 17, y: 30, fg: Reset, bg: Reset, underline: Reset, modifier: NONE,
        x: 18, y: 30, fg: DarkGray, bg: Reset, underline: Reset, modifier: NONE,
        x: 0, y: 31, fg: Reset, bg: Reset, underline: Reset, modifier: NONE,
        x: 1, y: 31, fg: DarkGray, bg: Reset, underline: Reset, modifier: NONE,
        x: 17, y: 31, fg: Reset, bg: Reset, underline: Reset, modifier: NONE,
        x: 18, y: 31, fg: DarkGray, bg: Reset, underline: Reset, modifier: NONE,
        x: 0, y: 32, fg: Reset, bg: Reset, underline: Reset, modifier: NONE,
        x: 1, y: 32, fg: DarkGray, bg: Reset, underline: Reset, modifier: NONE,
        x: 17, y: 32, fg: Reset, bg: Reset, underline: Reset, modifier: NONE,
        x: 18, y: 32, fg: DarkGray, bg: Reset, underline: Reset, modifier: NONE,
        x: 0, y: 33, fg: Reset, bg: Reset, underline: Reset, modifier: NONE,
        x: 1, y: 33, fg: DarkGray, bg: Reset, underline: Reset, modifier: NONE,
        x: 17, y: 33, fg: Reset, bg: Reset, underline: Reset, modifier: NONE,
        x: 18, y: 33, fg: DarkGray, bg: Reset, underline: Reset, modifier: NONE,
        x: 0, y: 34, fg: Reset, bg: Reset, underline: Reset, modifier: NONE,
        x: 1, y: 34, fg: DarkGray, bg: Reset, underline: Reset, modifier: NONE,
        x: 17, y: 34, fg: Reset, bg: Reset, underline: Reset, modifier: NONE,
        x: 18, y: 34, fg: DarkGray, bg: Reset, underline: Reset, modifier: NONE,
        x: 0, y: 35, fg: Reset, bg: Reset, underline: Reset, modifier: NONE,
        x: 1, y: 35, fg: DarkGray, bg: Reset, underline: Reset, modifier: NONE,
        x: 17, y: 35, fg: Reset, bg: Reset, underline: Reset, modifier: NONE,
        x: 18, y: 35, fg: DarkGray, bg: Reset, underline: Reset, modifier: NONE,
        x: 0, y: 36, fg: Reset, bg: Reset, underline: Reset, modifier: NONE,
        x: 1, y: 36, fg: DarkGray, bg: Reset, underline: Reset, modifier: NONE,
        x: 17, y: 36, fg: Reset, bg: Reset, underline: Reset, modifier: NONE,
        x: 18, y: 36, fg: DarkGray, bg: Reset, underline: Reset, modifier: NONE,
        x: 0, y: 37, fg: Reset, bg: Reset, underline: Reset, modifier: NONE,
        x: 1, y: 37, fg: DarkGray, bg: Reset, underline: Reset, modifier: NONE,
        x: 17, y: 37, fg: Reset, bg: Reset, underline: Reset, modifier: NONE,
        x: 18, y: 37, fg: DarkGray, bg: Reset, underline: Reset, modifier: NONE,
        x: 0, y: 38, fg: Reset, bg: Reset, underline: Reset, modifier: NONE,
        x: 1, y: 38, fg: DarkGray, bg: Reset, underline: Reset, modifier: NONE,
        x: 17, y: 38, fg: Reset, bg: Reset, underline: Reset, modifier: NONE,
        x: 18, y: 38, fg: DarkGray, bg: Reset, underline: Reset, modifier: NONE,
        x: 0, y: 39, fg: Reset, bg: Reset, underline: Reset, modifier: NONE,
        x: 18, y: 39, fg: DarkGray, bg: Reset, underline: Reset, modifier: NONE,
    ]
}
